// Jest Snapshot v1, https://goo.gl/fbAQLP

exports[`TaskCreator Component Should Match Snapshot 1`] = `"<div class=\\"task-creator\\"><h2>Create Task</h2><form><div class=\\"web-form\\"><div class=\\"form-item\\"><input type=\\"text\\" id=\\"task-title\\" value=\\"\\" placeholder=\\"Task Title\\" required=\\"\\"/></div><div class=\\"form-item\\"><input type=\\"text\\" id=\\"task-desc\\" value=\\"\\" placeholder=\\"Task Description\\"/></div><button class=\\"button button-primary\\" type=\\"submit\\">Add Task</button></div></form></div>"`;
