// Jest Snapshot v1, https://goo.gl/fbAQLP

exports[`Alert Component Should Match Snapshot 1`] = `"<div class=\\"alert\\"><div class=\\"alert-body alert-success\\"><div class=\\"alert-title\\"><div class=\\"icon\\"><span><svg>ok.svg</svg></span></div><p>Test</p></div><div class=\\"alert-content\\"></div></div></div>"`;
